PRECONDITION — codes derived per item (`#927`③), polarity derived against each target's own `spk` item (`#942`②). Flipped: ['libhomo', 'librac', 'colcom', 'libcom', 'libmil', 'libath']
HARD RULE 1 — `spk` (allowed to speak): 5 items JOINTLY answered n=24906 · 19 waves · years 1988-2021 · mean level 0.725
HARD RULE 1 — `col` (allowed to teach): 5 items JOINTLY answered n=23620 · 19 waves · years 1988-2021 · mean level 0.611
HARD RULE 1 — `lib` (book kept in library): 5 items JOINTLY answered n=24629 · 19 waves · years 1988-2021 · mean level 0.718
⚠ the battery stops in 2021, NOT 2024 — this window is 4 years shorter than `#941`'s, and the two are not directly comparable.
⚠ all FIFTEEN items jointly answered: n=22420 — which is why the three stems are three separate totals and are never summed (`#942`'s measurement, re-run here)

  trend per decade · TOTAL is out of 5 targets · SPREAD is the within-person sd across them
  stem  arm        mean T   trend T  mean S   trend S
  spk   raw         3.625   +0.0810   0.204   +0.0075
  spk   demeaned    0.000   -0.0268   0.234   +0.0047
  col   raw         3.054   +0.2059   0.264   +0.0091
  col   demeaned    0.000   +0.0323   0.285   +0.0022
  lib   raw         3.590   +0.1432   0.171   +0.0077
  lib   demeaned   -0.000   +0.0172   0.192   +0.0080

  ⚠ `#943`① IMPOSSIBILITY CHECK, run rather than asserted: permuting `year` within cohort breaks `age = year - cohort` for 89.7% of respondents — the same 90% that killed `#943`. **But this statistic's inputs are ['the five indicator columns', 'cohort (for demeaning)', 'year (for the trend)'], and `age` is not among them**, so the count of INVALIDATED inputs is 0. The null is admissible here and `#943`'s wall does not apply — demonstrated, not excused.
  null (year permuted within cohort; kind of null: within-cohort year-label permutation):
    spk: TOTAL +0.0017 +/- 0.0096  (observed -0.0268)   SPREAD -0.0002 +/- 0.0010  (observed +0.0047)
    col: TOTAL +0.0003 +/- 0.0101  (observed +0.0323)   SPREAD +0.0014 +/- 0.0009  (observed +0.0022)
    lib: TOTAL -0.0004 +/- 0.0102  (observed +0.0172)   SPREAD +0.0038 +/- 0.0011  (observed +0.0080)
  positive sweep (a rising total planted into the permuted world, so g=0 IS the null): [(0.0, -0.0035), (0.2, 0.4306), (0.4, 0.8573), (0.6, 1.2916)]
  ⚠ plant-baseline check: g=0 at -0.0035 vs null +0.0017 +/- 0.0096 = 0.53 spreads

  specification curve — every cell, none dropped
    spk  all cohorts            raw       n= 24906  T +0.0810  S +0.0075
    spk  all cohorts            demeaned  n= 24906  T -0.0268  S +0.0047
    spk  cohorts in >=3 waves   raw       n= 24833  T +0.0805  S +0.0074
    spk  cohorts in >=3 waves   demeaned  n= 24833  T -0.0271  S +0.0046
    col  all cohorts            raw       n= 23620  T +0.2059  S +0.0091
    col  all cohorts            demeaned  n= 23620  T +0.0323  S +0.0022
    col  cohorts in >=3 waves   raw       n= 23548  T +0.2046  S +0.0090
    col  cohorts in >=3 waves   demeaned  n= 23548  T +0.0322  S +0.0021
    lib  all cohorts            raw       n= 24629  T +0.1432  S +0.0077
    lib  all cohorts            demeaned  n= 24629  T +0.0172  S +0.0080
    lib  cohorts in >=3 waves   raw       n= 24556  T +0.1424  S +0.0074
    lib  cohorts in >=3 waves   demeaned  n= 24556  T +0.0177  S +0.0077
  CONDITIONAL KILL -- Did the living grow more tolerant, or only more selective?
   PASS  positive: a planted rising total raises the demeaned total trend, and g=0 sits ON the null this round judges against (`#922`)                                                                                                                                                                                                                                                              方向由数据给出:**上升**;灵敏度 g=0.2;g=0 -0.0035 · g=0.6 +1.2916   (扫描自证:单调 + g=0 落基线 + 灵敏度达到)
   PASS  year permuted within cohort [spk TOTAL]                                                                                                                                                                                                                                                                                                                                                    |+0.0017| < 0.5*|+0.0268| = 0.0134   (null is 6% of the effect [零的方案: within-cohort year-label permutation])
   PASS  year permuted within cohort [col TOTAL]                                                                                                                                                                                                                                                                                                                                                    |+0.0003| < 0.5*|+0.0323| = 0.0162   (null is 1% of the effect [零的方案: within-cohort year-label permutation])
   PASS  year permuted within cohort [lib TOTAL]                                                                                                                                                                                                                                                                                                                                                    |+0.0004| < 0.5*|+0.0172| = 0.0086   (null is 2% of the effect [零的方案: within-cohort year-label permutation])
   PASS  all 6 cells = 3 stems x {total, spread} — the family this claim lives in (`#936`②/`#940`②)                                                                                                                                                                                                                                                                                                 method=bh q=0.05 · **cells tested 6 · cells surviving 4** · 存活 ['spk/T', 'spk/S', 'col/T', 'lib/S'] · 未存活 ['col/S', 'lib/T']   (control)
   PASS  ⚠ `#943`① IMPOSSIBILITY CHECK run as a control, not asserted as an excuse: the permutation breaks `age = year - cohort`, and this statistic does not use `age`                                                                                                                                                                                                                             89.7% of respondents get an inconsistent age under the permutation — the same failure that killed `#943` — but this statistic's inputs are ['the five indicator columns', 'cohort (for demeaning)', 'year (for the trend)'], of which 0 are invalidated. The null is admissible HERE and was inadmissible THERE, and the difference is demonstrated · 总体:GSS Stouffer battery, 19 waves 1988-2021   (asserted in code, not in prose)
   PASS  ⚠ HARD RULE 1: n and the years actually asked, printed before any column was cited                                                                                                                                                                                                                                                                                                         spk n=24906 waves=19 1988-2021 · col n=23620 waves=19 1988-2021 · lib n=24629 waves=19 1988-2021 · all-15 jointly n=22420, which is why the stems are never summed · 总体:GSS Stouffer battery, 19 waves 1988-2021   (asserted in code, not in prose)
   PASS  ⚠ GAUGE TEST registered before the run: T and S are SYMMETRIC in the five targets, so this round cannot say toward WHOM tolerance moved — `#942` owns that and must be read beside it                                                                                                                                                                                                      both quantities are invariant under permuting which target is tolerated; the direction comes from `#942` (homosexuals up, racists down within cohorts) · 总体:GSS Stouffer battery, 19 waves 1988-2021   (asserted in code, not in prose)
   PASS  ⚠ ACQUIESCENCE CONTROL: a pure yes-saying drift moves T and leaves the target RANK ORDER untouched, so a T-only movement is UNINTERPRETABLE rather than growth                                                                                                                                                                                                                             spk: demeaned T -0.0268 beside demeaned S +0.0047 · col: demeaned T +0.0323 beside demeaned S +0.0022 · lib: demeaned T +0.0172 beside demeaned S +0.0080 · 总体:GSS Stouffer battery, 19 waves 1988-2021   (asserted in code, not in prose)
   PASS  the whole specification grid is published, disagreeing cells included                                                                                                                                                                                                                                                                                                                      spk/raw/all T+0.081 · spk/dem/all T-0.027 · spk/raw/coh T+0.080 · spk/dem/coh T-0.027 · col/raw/all T+0.206 · col/dem/all T+0.032 · col/raw/coh T+0.205 · col/dem/coh T+0.032 · lib/raw/all T+0.143 · lib/dem/all T+0.017 · lib/raw/coh T+0.142 · lib/dem/coh T+0.018 · 总体:GSS Stouffer battery, 19 waves 1988-2021   (asserted in code, not in prose)
   FAIL  KILL: pre-registered CONDITIONAL — evaluated ONLY if the positive fires and all three nulls are null. STAKED: W_GROWTH_HOLDS, i.e. the cohort-demeaned per-person TOTAL rises beyond twice its own null spread in >=2 of 3 stems. W_REDISTRIBUTION (total inside its null while spread moves) and W_MIXED both refute it, and W_REDISTRIBUTION qualifies `#929`, which is a claim I wrote  positive fires True · all three nulls null True · stems whose demeaned TOTAL rises past 2x its null: 1/3 · stems whose demeaned SPREAD moves: 2/3 ⇒ W_MIXED   尺:cohort-demeaned per-person total trend, per decade, out of 5,其自身噪声 0.00997369 · 总体:GSS Stouffer battery, 19 waves 1988-2021, per-stem n 23620-24906 · 方向:一致 · 控制总体:5/5 条已命名,**5 条与判据不同** ['⚠ `#943`① IMPOSSIBILITY CHEC', '⚠ HARD RULE 1: n and the yea', '⚠ GAUGE TEST registered befo', '⚠ ACQUIESCENCE CONTROL: a pu', 'the whole specification grid']  ⚠ **控制的总体 ≠ 主张的总体** —— **它证明的是另一群人身上的仪器**(`#866`①)(⚠ 比对只发生在此刻,之后声明的控制行不会被比到)   (asserted in code, not in prose)
   => OVERTURNED -- controls sound, and the pre-registered threshold fired AGAINST the expectation (KILL: pre-registered CONDITIONAL — evaluated ONLY if the positive fires and all three nulls are null. STAKED: W_GROWTH_HOLDS, i.e. the cohort-demeaned per-person TOTAL rises beyond twice its own null spread in >=2 of 3 stems. W_REDISTRIBUTION (total inside its null while spread moves) and W_MIXED both refute it, and W_REDISTRIBUTION qualifies `#929`, which is a claim I wrote). This is a refutation, NOT an unverified round (#366e).

VERDICT           : OVERTURNED · world W_MIXED

wrote /home/ivan/research.psychology.eroticization-operator.operate.md.private.editable/E03_what_an_instrument_would_have_to_be/A124_did_tolerance_grow_or_get_redirected/R382_the_total_and_the_spread_within_a_cohort/results/the_total_and_the_spread_within_a_cohort.json
