HARD RULE 1 — GSS ballot 1, all four jointly: 14847 respondents, 21 waves 1988-2024 · NON-FLAT n=11509 (0.7752) · excluded 3338
⚠ HARD RULE 2 — instrument: GSS ballot 1, four sexual-norm items, one block. Same as `#951`/`#954`; the POPULATION changes, and the estimand is renamed accordingly.
⚠ z-scale is fixed on the FULL sample (mu [2.982 1.605 1.339 2.336], sd [1.243 0.953 0.704 1.414]) so the filter cannot move the scale and manufacture a change.

  Δ on ALL respondents      +0.2620   ⚠ DERIVATION-adjacent, see the card
  Δ on NON-FLAT (the estimand) +0.1086
  NULL-S swap          null +0.0887 +/- 0.0120 · residual +0.0199 · z +1.65 · repro 0.00330 · flats created 6 → post-filter n 11503
  NULL-C column-perm   null +0.0031 +/- 0.0104 · residual +0.1055 · z +10.14 · repro 0.00368 · flats created 58 → post-filter n 11451

  ⚠ PLACEBO FILTER (drop a RANDOM 22.5%, ignoring flatness): Δ +0.2623 vs unrestricted +0.2620 — removing people PER SE does not produce the drop; the flatness filter does
  positive sweep [NULL-S swap] (g=0 IS that null): [(0.0, 0.0872), (0.25, 0.7093), (0.5, 0.9416), (0.75, 1.0405)] · g=0 at +0.0872 vs null +0.0887 +/- 0.0120 = 0.13 spreads
  positive sweep [NULL-C column-perm] (g=0 IS that null): [(0.0, -0.0097), (0.25, 0.612), (0.5, 0.868), (0.75, 0.9915)] · g=0 at -0.0097 vs null +0.0031 +/- 0.0104 = 1.23 spreads

  specification curve — the discrimination threshold is a CHOICE, all cells published
    all-equal excluded       n= 11509 (77.5%)  Δ +0.1086  residual vs S +0.0239  vs C +0.1018
    range >= 2               n=  9870 (66.5%)  Δ -0.0630  residual vs S -0.0132  vs C -0.0616
    within-sd above median   n=  6963 (46.9%)  Δ -0.2086  residual vs S -0.0974  vs C -0.1854
  CONDITIONAL KILL -- Among people who actually distinguish the four acts, is the partition content or marginal?
   PASS  positive [NULL-S swap]: a planted partition raises Δ on the restricted population, and g=0 sits ON that null (`#922`)                                                                                                                                                                                                方向由数据给出:**上升**;灵敏度 g=0.25;g=0 +0.0872 · g=0.75 +1.0405   (扫描自证:单调 + g=0 落基线 + 灵敏度达到)
   PASS  both restricted nulls reproduce across independent draw sets (NULL-S swap binds)                                                                                                                                                                                                                                     |+0.0037| < 0.5*|+0.0199| = 0.0099   (null is 19% of the effect [零的方案: checkerboard swap and per-column permutation, each computed ON the non-flat population with the SAME non-flat filter re-applied per draw])
   PASS  6 pairs x 2 nulls + 2 contrasts = 14 (`#936`②/`#940`②)                                                                                                                                                                                                                                                               method=bh q=0.05 · **cells tested 14 · cells surviving 10** · 存活 ['S/prema-teens', 'S/prema-homos', 'S/teens-xmars', 'S/teens-homos', 'S/xmars-homos', 'C/prema-xmars', 'C/prema-homos', 'C/teens-xmars', 'C/xmars-homos', 'C/Δ'] · 未存活 ['S/prema-xmars', 'C/prema-teens', 'C/teens-homos', 'S/Δ']   (control)
   PASS  ⚠⚠ ARITHMETIC TRAP LABELLED: the DROP from the all-respondent Δ to the restricted Δ is partly FORCED, because the excluded respondents carry a residual vector pointing along the partition (`#955`). It is a derivation and is not offered as evidence                                                              Δ all +0.2620 → Δ non-flat +0.1086; the MEASUREMENT is the residual against a null on the SAME population, which is not forced · 总体:GSS ballot 1 non-flat, n=11509   (asserted in code, not in prose)
   PASS  ⚠ PLACEBO FILTER: dropping a RANDOM size-matched slice must NOT reproduce the drop, or the restriction itself is doing the work                                                                                                                                                                                      random 22.5% removed → Δ +0.2623 vs unrestricted +0.2620 (|diff| 0.0004); the flatness filter gives +0.1086 · 总体:GSS ballot 1, n=14847   (asserted in code, not in prose)
   PASS  ⚠ FILTER ACCOUNTING: the nulls CREATE flat respondents where the observed arm has none, so the same filter is re-applied per draw and the count is reported (`#954`'s error one level down)                                                                                                                          NULL-S swap: 6 flats created → post-filter n 11503 (observed arm n=11509) · NULL-C column-perm: 58 flats created → post-filter n 11451 (observed arm n=11509) · 总体:GSS ballot 1 non-flat, n=11509   (asserted in code, not in prose)
   PASS  ⚠ the z-scale is fixed on the FULL sample so the filter cannot move it                                                                                                                                                                                                                                               mu [2.982, 1.605, 1.339, 2.336] sd [1.243, 0.953, 0.704, 1.414] — identical in every arm · 总体:GSS ballot 1, n=14847   (asserted in code, not in prose)
   PASS  the whole specification grid is published, disagreeing cells included                                                                                                                                                                                                                                                all-equal ex n=11509 S+0.024 C+0.102 · range >= 2 n=9870 S-0.013 C-0.062 · within-sd ab n=6963 S-0.097 C-0.185 · 总体:GSS ballot 1, n=14847   (asserted in code, not in prose)
   FAIL  KILL: pre-registered CONDITIONAL — evaluated ONLY if the positive fires, both nulls reproduce, and the placebo filter is inert. STAKED: W_CONTENT, i.e. Δ on the discriminating population clears 2x its spread above BOTH restricted nulls. ⚠ W_STILL_MARGINAL means A126–A129 produce nothing about people at all  positive fires True · nulls reproduce True · placebo inert True · NULL-S swap: residual +0.0199 z +1.65 · NULL-C column-perm: residual +0.1055 z +10.14 ⇒ W_STILL_MARGINAL   尺:partition contrast residual on the discriminating population, weakest null,其自身噪声 0.0120197 · 总体:GSS ballot 1, NON-FLAT n=11509 of 14847, 21 waves 1988-2024 · 方向:一致 · 控制总体:5/5 条已命名,**5 条与判据不同** ['⚠⚠ ARITHMETIC TRAP LABELLED:', '⚠ PLACEBO FILTER: dropping a', '⚠ FILTER ACCOUNTING: the nul', '⚠ the z-scale is fixed on th', 'the whole specification grid']  ⚠ **控制的总体 ≠ 主张的总体** —— **它证明的是另一群人身上的仪器**(`#866`①)(⚠ 比对只发生在此刻,之后声明的控制行不会被比到)   (asserted in code, not in prose)
   => OVERTURNED -- controls sound, and the pre-registered threshold fired AGAINST the expectation (KILL: pre-registered CONDITIONAL — evaluated ONLY if the positive fires, both nulls reproduce, and the placebo filter is inert. STAKED: W_CONTENT, i.e. Δ on the discriminating population clears 2x its spread above BOTH restricted nulls. ⚠ W_STILL_MARGINAL means A126–A129 produce nothing about people at all). This is a refutation, NOT an unverified round (#366e).

VERDICT           : OVERTURNED · world W_STILL_MARGINAL · Δ +0.1086 on n=11509 who discriminate · residuals +0.0199 / +0.1055

wrote /home/ivan/research.psychology.eroticization-operator.operate.md.private.editable/E03_what_an_instrument_would_have_to_be/A130_the_partition_among_people_who_discriminate/R390_among_those_who_actually_distinguish/results/among_those_who_actually_distinguish.json
