GSS rows 75699
  homosex    n= 44644  waves= 30 1973..2024
  premarsx   n= 45697  waves= 30 1972..2024
  teensex    n= 33901  waves= 22 1986..2024
  xmarsex    n= 46266  waves= 30 1973..2024
  ss         n= 33279  waves= 19 1989..2022  rate=0.0826
  ss_alt     n= 30464  waves= 21 1988..2024  rate=0.0374
  xm         n= 25228  waves= 17 1991..2022  rate=0.1756

  the 2x4 lives on the INTERSECTION: n=5034, 13 waves 1991..2014  <- not the full 1972-2024 series

=== THE GRID (all cells, disagreeing ones included) ===
  counts  unmatched    raw          drop=none                       k=4 sigma2/sigma1=0.1904  n=  5034
  counts  unmatched    raw          drop=homosex                    k=3 sigma2/sigma1=0.0599  n=  5034
  counts  unmatched    raw          drop=premarsx                   k=3 sigma2/sigma1=0.2031  n=  5034
  counts  unmatched    raw          drop=teensex                    k=3 sigma2/sigma1=0.2041  n=  5034
  counts  unmatched    raw          drop=xmarsex                    k=3 sigma2/sigma1=0.2280  n=  5034
  counts  unmatched    raw          drop=PLACEBO(premarsx+teensex)  k=2 sigma2/sigma1=0.0268  n=  5034
  counts  unmatched    demog        drop=none                       k=4 sigma2/sigma1=0.1894  n=  5017
  counts  unmatched    demog        drop=homosex                    k=3 sigma2/sigma1=0.0491  n=  5017
  counts  unmatched    demog        drop=premarsx                   k=3 sigma2/sigma1=0.2024  n=  5017
  counts  unmatched    demog        drop=teensex                    k=3 sigma2/sigma1=0.2037  n=  5017
  counts  unmatched    demog        drop=xmarsex                    k=3 sigma2/sigma1=0.2414  n=  5017
  counts  unmatched    demog        drop=PLACEBO(premarsx+teensex)  k=2 sigma2/sigma1=0.0349  n=  5017
  counts  unmatched    demog+relig  drop=none                       k=4 sigma2/sigma1=0.2335  n=  4972
  counts  unmatched    demog+relig  drop=homosex                    k=3 sigma2/sigma1=0.0567  n=  4972
  counts  unmatched    demog+relig  drop=premarsx                   k=3 sigma2/sigma1=0.2402  n=  4972
  counts  unmatched    demog+relig  drop=teensex                    k=3 sigma2/sigma1=0.2473  n=  4972
  counts  unmatched    demog+relig  drop=xmarsex                    k=3 sigma2/sigma1=0.3600  n=  4972
  counts  unmatched    demog+relig  drop=PLACEBO(premarsx+teensex)  k=2 sigma2/sigma1=0.0321  n=  4972
  counts  prev-matched raw          drop=none                       k=4 sigma2/sigma1=0.2797  n=  4365
  counts  prev-matched raw          drop=homosex                    k=3 sigma2/sigma1=0.1600  n=  4365
  counts  prev-matched raw          drop=premarsx                   k=3 sigma2/sigma1=0.2787  n=  4365
  counts  prev-matched raw          drop=teensex                    k=3 sigma2/sigma1=0.2840  n=  4365
  counts  prev-matched raw          drop=xmarsex                    k=3 sigma2/sigma1=0.2204  n=  4365
  counts  prev-matched raw          drop=PLACEBO(premarsx+teensex)  k=2 sigma2/sigma1=0.0232  n=  4365
  counts  prev-matched demog        drop=none                       k=4 sigma2/sigma1=0.2603  n=  4350
  counts  prev-matched demog        drop=homosex                    k=3 sigma2/sigma1=0.1334  n=  4350
  counts  prev-matched demog        drop=premarsx                   k=3 sigma2/sigma1=0.2658  n=  4350
  counts  prev-matched demog        drop=teensex                    k=3 sigma2/sigma1=0.2677  n=  4350
  counts  prev-matched demog        drop=xmarsex                    k=3 sigma2/sigma1=0.2180  n=  4350
  counts  prev-matched demog        drop=PLACEBO(premarsx+teensex)  k=2 sigma2/sigma1=0.0031  n=  4350
  counts  prev-matched demog+relig  drop=none                       k=4 sigma2/sigma1=0.3125  n=  4312
  counts  prev-matched demog+relig  drop=homosex                    k=3 sigma2/sigma1=0.1514  n=  4312
  counts  prev-matched demog+relig  drop=premarsx                   k=3 sigma2/sigma1=0.3045  n=  4312
  counts  prev-matched demog+relig  drop=teensex                    k=3 sigma2/sigma1=0.3116  n=  4312
  counts  prev-matched demog+relig  drop=xmarsex                    k=3 sigma2/sigma1=0.3035  n=  4312
  counts  prev-matched demog+relig  drop=PLACEBO(premarsx+teensex)  k=2 sigma2/sigma1=0.0970  n=  4312
  sexsex  unmatched    raw          drop=none                       k=4 sigma2/sigma1=0.1234  n=  4295
  sexsex  unmatched    raw          drop=homosex                    k=3 sigma2/sigma1=0.0497  n=  4295
  sexsex  unmatched    raw          drop=premarsx                   k=3 sigma2/sigma1=0.1240  n=  4295
  sexsex  unmatched    raw          drop=teensex                    k=3 sigma2/sigma1=0.1267  n=  4295
  sexsex  unmatched    raw          drop=xmarsex                    k=3 sigma2/sigma1=0.2148  n=  4295
  sexsex  unmatched    raw          drop=PLACEBO(premarsx+teensex)  k=2 sigma2/sigma1=0.0993  n=  4295
  sexsex  unmatched    demog        drop=none                       k=4 sigma2/sigma1=0.1230  n=  4282
  sexsex  unmatched    demog        drop=homosex                    k=3 sigma2/sigma1=0.0511  n=  4282
  sexsex  unmatched    demog        drop=premarsx                   k=3 sigma2/sigma1=0.1197  n=  4282
  sexsex  unmatched    demog        drop=teensex                    k=3 sigma2/sigma1=0.1294  n=  4282
  sexsex  unmatched    demog        drop=xmarsex                    k=3 sigma2/sigma1=0.2088  n=  4282
  sexsex  unmatched    demog        drop=PLACEBO(premarsx+teensex)  k=2 sigma2/sigma1=0.1015  n=  4282
  sexsex  unmatched    demog+relig  drop=none                       k=4 sigma2/sigma1=0.1631  n=  4241
  sexsex  unmatched    demog+relig  drop=homosex                    k=3 sigma2/sigma1=0.0452  n=  4241
  sexsex  unmatched    demog+relig  drop=premarsx                   k=3 sigma2/sigma1=0.1646  n=  4241
  sexsex  unmatched    demog+relig  drop=teensex                    k=3 sigma2/sigma1=0.1698  n=  4241
  sexsex  unmatched    demog+relig  drop=xmarsex                    k=3 sigma2/sigma1=0.3266  n=  4241
  sexsex  unmatched    demog+relig  drop=PLACEBO(premarsx+teensex)  k=2 sigma2/sigma1=0.0904  n=  4241
  sexsex  prev-matched raw          drop=none                       k=4 sigma2/sigma1=0.1742  n=  3591
  sexsex  prev-matched raw          drop=homosex                    k=3 sigma2/sigma1=0.1899  n=  3591
  sexsex  prev-matched raw          drop=premarsx                   k=3 sigma2/sigma1=0.1750  n=  3591
  sexsex  prev-matched raw          drop=teensex                    k=3 sigma2/sigma1=0.0835  n=  3591
  sexsex  prev-matched raw          drop=xmarsex                    k=3 sigma2/sigma1=0.1075  n=  3591
  sexsex  prev-matched raw          drop=PLACEBO(premarsx+teensex)  k=2 sigma2/sigma1=0.0362  n=  3591
  sexsex  prev-matched demog        drop=none                       k=4 sigma2/sigma1=0.1747  n=  3582
  sexsex  prev-matched demog        drop=homosex                    k=3 sigma2/sigma1=0.1841  n=  3582
  sexsex  prev-matched demog        drop=premarsx                   k=3 sigma2/sigma1=0.1762  n=  3582
  sexsex  prev-matched demog        drop=teensex                    k=3 sigma2/sigma1=0.1216  n=  3582
  sexsex  prev-matched demog        drop=xmarsex                    k=3 sigma2/sigma1=0.0628  n=  3582
  sexsex  prev-matched demog        drop=PLACEBO(premarsx+teensex)  k=2 sigma2/sigma1=0.0417  n=  3582
  sexsex  prev-matched demog+relig  drop=none                       k=4 sigma2/sigma1=0.2144  n=  3547
  sexsex  prev-matched demog+relig  drop=homosex                    k=3 sigma2/sigma1=0.2069  n=  3547
  sexsex  prev-matched demog+relig  drop=premarsx                   k=3 sigma2/sigma1=0.2061  n=  3547
  sexsex  prev-matched demog+relig  drop=teensex                    k=3 sigma2/sigma1=0.1817  n=  3547
  sexsex  prev-matched demog+relig  drop=xmarsex                    k=3 sigma2/sigma1=0.0718  n=  3547
  sexsex  prev-matched demog+relig  drop=PLACEBO(premarsx+teensex)  k=2 sigma2/sigma1=0.0899  n=  3547

  full 2x4              sigma2/sigma1 = 0.1899
  drop homosex         sigma2/sigma1 = 0.0967   (0.51x the full value)  <- matched pair
  drop premarsx        sigma2/sigma1 = 0.2027   (1.07x the full value)
  drop teensex         sigma2/sigma1 = 0.1927   (1.01x the full value)
  drop xmarsex         sigma2/sigma1 = 0.2192   (1.15x the full value)  <- matched pair
  PLACEBO (premarsx+teensex) sigma2/sigma1 = 0.0390

  one-factor null: median 0.0326  sd 0.0154  (n=5034, 60 reps)
  positive sweep (g, median sigma2/sigma1): [(0.0, 0.0192), (0.15, 0.041), (0.3, 0.0943), (0.45, 0.1818), (0.6, 0.283)]

  CONDITIONAL KILL -- Which ITEM carries the rank-1 departure?
   PASS  positive: planted domain coupling raises sigma2/sigma1, g=0 is null                  方向由数据给出:**上升**;灵敏度 g=0.15;g=0 +0.0192 · g=0.6 +0.2830   (扫描自证:单调 + g=0 落基线 + 灵敏度达到)
   PASS  synthetic ONE-FACTOR world at the observed n and marginals                           |+0.0326| < 0.5*|+0.1899| = 0.0949   (null is 17% of the effect [零的方案: one-factor latent, 4 items, matched loadings])
   PASS  the whole drop grid                                                                  method=bh q=0.05 · **cells tested 72 · cells surviving 58** · 存活 ['counts|unmatched|raw|none', 'counts|unmatched|raw|premarsx', 'counts|unmatched|raw|teensex', 'counts|unmatched|raw|xmarsex', 'counts|unmatched|demog|none', 'counts|unmatched|demog|premarsx', 'counts|unmatched|demog|teensex', 'counts|unmatched|demog|xmarsex', 'counts|unmatched|demog+relig|none', 'counts|unmatched|demog+relig|premarsx', 'counts|unmatched|demog+relig|teensex', 'counts|unmatched|demog+relig|xmarsex', 'counts|prev-matched|raw|none', 'counts|prev-matched|raw|homosex', 'counts|prev-matched|raw|premarsx', 'counts|prev-matched|raw|teensex', 'counts|prev-matched|raw|xmarsex', 'counts|prev-matched|demog|none', 'counts|prev-matched|demog|homosex', 'counts|prev-matched|demog|premarsx', 'counts|prev-matched|demog|teensex', 'counts|prev-matched|demog|xmarsex', 'counts|prev-matched|demog+relig|none', 'counts|prev-matched|demog+relig|homosex', 'counts|prev-matched|demog+relig|premarsx', 'counts|prev-matched|demog+relig|teensex', 'counts|prev-matched|demog+relig|xmarsex', 'counts|prev-matched|demog+relig|PLACEBO(premarsx+teensex)', 'sexsex|unmatched|raw|none', 'sexsex|unmatched|raw|premarsx', 'sexsex|unmatched|raw|teensex', 'sexsex|unmatched|raw|xmarsex', 'sexsex|unmatched|raw|PLACEBO(premarsx+teensex)', 'sexsex|unmatched|demog|none', 'sexsex|unmatched|demog|premarsx', 'sexsex|unmatched|demog|teensex', 'sexsex|unmatched|demog|xmarsex', 'sexsex|unmatched|demog|PLACEBO(premarsx+teensex)', 'sexsex|unmatched|demog+relig|none', 'sexsex|unmatched|demog+relig|premarsx', 'sexsex|unmatched|demog+relig|teensex', 'sexsex|unmatched|demog+relig|xmarsex', 'sexsex|unmatched|demog+relig|PLACEBO(premarsx+teensex)', 'sexsex|prev-matched|raw|none', 'sexsex|prev-matched|raw|homosex', 'sexsex|prev-matched|raw|premarsx', 'sexsex|prev-matched|raw|teensex', 'sexsex|prev-matched|raw|xmarsex', 'sexsex|prev-matched|demog|none', 'sexsex|prev-matched|demog|homosex', 'sexsex|prev-matched|demog|premarsx', 'sexsex|prev-matched|demog|teensex', 'sexsex|prev-matched|demog+relig|none', 'sexsex|prev-matched|demog+relig|homosex', 'sexsex|prev-matched|demog+relig|premarsx', 'sexsex|prev-matched|demog+relig|teensex', 'sexsex|prev-matched|demog+relig|xmarsex', 'sexsex|prev-matched|demog+relig|PLACEBO(premarsx+teensex)'] · 未存活 ['counts|unmatched|raw|homosex', 'counts|unmatched|raw|PLACEBO(premarsx+teensex)', 'counts|unmatched|demog|homosex', 'counts|unmatched|demog|PLACEBO(premarsx+teensex)', 'counts|unmatched|demog+relig|homosex', 'counts|unmatched|demog+relig|PLACEBO(premarsx+teensex)', 'counts|prev-matched|raw|PLACEBO(premarsx+teensex)', 'counts|prev-matched|demog|PLACEBO(premarsx+teensex)']…   (control)
   PASS  placebo actually RAN (absence is not a pass)                                         placebo sigma2/sigma1 0.03895883042658254 over 12 cells   (asserted in code, not in prose)
   PASS  placebo: the two items tied to NEITHER exposure stay near the one-factor null        placebo 0.0390 vs full 0.1899, null 0.0326   (asserted in code, not in prose)
   PASS  prevalence control ACHIEVED its target on the ANALYSED frame, measured not intended  |achieved - target| per arm {'counts|prev-matched': 0.0057, 'sexsex|prev-matched': 0.0019}; all rates {'counts|unmatched|target_ss': 0.0489, 'counts|unmatched|achieved_xm': 0.1752, 'counts|xm': 0.0488, 'counts|prev-matched|target_ss': 0.0431, 'counts|prev-matched|achieved_xm': 0.0488, 'sexsex|unmatched|target_ss': 0.0149, 'sexsex|unmatched|achieved_xm': 0.1765, 'sexsex|xm': 0.015, 'sexsex|prev-matched|target_ss': 0.0131, 'sexsex|prev-matched|achieved_xm': 0.015}   (asserted in code, not in prose)
   PASS  every published cell states its n                                                    72/72 格带 n   (每一格都声明了自己的人群规模)
   FAIL  KILL: W1 (one item) requires exactly ONE drop to collapse the departure              drops that collapse it: ['homosex']; full 0.1899, null 0.0326, per-item {'homosex': 0.0967, 'premarsx': 0.2027, 'teensex': 0.1927, 'xmarsex': 0.2192}   ⚠ 判据的尺未命名(`#836`①)  ⚠ 判据的总体未命名(`#854`①:尺对了、总体错了一样给反判词)  ⚠ 判据的方向未命名(`#859`①;单侧判据可不填)   (asserted in code, not in prose)
   => OVERTURNED -- controls sound, and the pre-registered threshold fired AGAINST the expectation (KILL: W1 (one item) requires exactly ONE drop to collapse the departure). This is a refutation, NOT an unverified round (#366e).
  gate three-valued : OVERTURNED -- controls sound, and the pre-registered threshold fired AGAINST the expectation (KILL: W1 (one item) requires exactly ONE drop to collapse the departure). This is a refutation, NOT an unverified round (#366e).
  VERDICT           : OVERTURNED · world W1 · ONE ITEM (`homosex`) — the decomposition was wrong

  artifact -> /home/ivan/research.psychology.eroticization-operator.operate.md.private.editable/E03_what_an_instrument_would_have_to_be/A112_is_sexual_morality_a_distinct_object_at_the_person_level/R355_which_item_carries_the_departure/results/which_item_carries_it.json
