2011-2013 female  orient    base act rate 0.1820 · by code {1: (0.123, 5064), 2: (0.925, 80), 3: (0.802, 389)} => LGB codes [2, 3]
2017-2019 female  orient_a  base act rate 0.2055 · by code {1: (0.123, 2693), 2: (0.872, 86), 3: (0.709, 331)} => LGB codes [2, 3]
2017-2019 female  orient_b  base act rate 0.2055 · by code {1: (0.863, 73), 2: (0.113, 2436), 3: (0.717, 290), 4: (0.447, 132)} => LGB codes [1, 3]
2017-2019 male    orient_a  base act rate 0.0757 · by code {1: (0.034, 2451), 2: (0.9, 60), 3: (0.597, 67)} => LGB codes [2, 3]
2017-2019 male    orient_b  base act rate 0.0757 · by code {1: (0.844, 77), 2: (0.034, 2333), 3: (0.662, 74), 4: (0.254, 71)} => LGB codes [1, 3]

=== THE GRID (all cells, disagreeing ones included) ===
  2011-2013 female  orient    raw          id_net=-0.2371 act_net=-0.2129  lgb_rate=0.0848  n= 5507
  2011-2013 female  orient    demog        id_net=-0.2455 act_net=-0.2054  lgb_rate=0.0848  n= 5507
  2011-2013 female  orient    demog+relig  id_net=-0.2127 act_net=-0.1387  lgb_rate=0.0848  n= 4416
  2017-2019 female  orient_a  raw          id_net=-0.2640 act_net=-0.1217  lgb_rate=0.1341  n= 3097
  2017-2019 female  orient_a  demog        id_net=-0.2360 act_net=-0.1287  lgb_rate=0.1341  n= 3097
  2017-2019 female  orient_a  demog+relig  id_net=-0.1963 act_net=-0.1080  lgb_rate=0.1341  n= 2314
  2017-2019 female  orient_b  raw          id_net=-0.1946 act_net=-0.1909  lgb_rate=0.1238  n= 2919
  2017-2019 female  orient_b  demog        id_net=-0.1813 act_net=-0.1947  lgb_rate=0.1238  n= 2919
  2017-2019 female  orient_b  demog+relig  id_net=-0.1938 act_net=-0.1163  lgb_rate=0.1238  n= 2157
  2017-2019 male    orient_a  raw          id_net=-0.3282 act_net=-0.1582  lgb_rate=0.0493  n= 2565
  2017-2019 male    orient_a  demog        id_net=-0.3110 act_net=-0.1568  lgb_rate=0.0493  n= 2565
  2017-2019 male    orient_a  demog+relig  id_net=-0.3785 act_net=-0.1205  lgb_rate=0.0493  n= 1725
  2017-2019 male    orient_b  raw          id_net=-0.2613 act_net=-0.2199  lgb_rate=0.0591  n= 2545
  2017-2019 male    orient_b  demog        id_net=-0.2296 act_net=-0.2109  lgb_rate=0.0591  n= 2545
  2017-2019 male    orient_b  demog+relig  id_net=-0.3099 act_net=-0.1188  lgb_rate=0.0591  n= 1708

  NSFG overall: id_net -0.2371  act_net -0.1568  (ratio 1.51x)
  2017-2019 female: id_net A -0.2360 · B -0.1938 · contrast -0.0422 | LGB rate A 0.1341 vs B 0.1238  <- randomised wording
  2017-2019 male: id_net A -0.3282 · B -0.2613 · contrast -0.0669 | LGB rate A 0.0493 vs B 0.0591  <- randomised wording

  null for id_net  (identity permuted within behaviour): -0.0013 +/- 0.0239 (150)
  null for act_net (behaviour permuted within identity): +0.0001 +/- 0.0241 (150)
  null for the A/B contrast (RANDOMISED label permuted): -0.0082 +/- 0.0447 (240 draws)  <- the exact null, because assignment really is random
  positive sweep (planted into the NULL world), IDENTITY only:
     id_net  [(0.0, -0.0119), (0.15, 0.0387), (0.3, 0.0672), (0.45, 0.1077), (0.6, 0.1336)]
     act_net [(0.0, 0.2571), (0.15, 0.2441), (0.3, 0.2427), (0.45, 0.235), (0.6, 0.2332)]  (must NOT rise)

  CONDITIONAL KILL -- Does `#920` survive a second instrument, and a randomised re-wording of identity?
   PASS  positive: an IDENTITY-only plant raises id_net, and g=0 is null                          方向由数据给出:**上升**;灵敏度 g=0.15;g=0 -0.0119 · g=0.6 +0.1336   (扫描自证:单调 + g=0 落基线 + 灵敏度达到)
   PASS  the identity-only plant does NOT raise act_net                                           act_net moved -0.0239 vs id_net +0.1455   (asserted in code, not in prose)
   PASS  identity permuted WITHIN behaviour strata                                                |+0.0013| < 0.5*|+0.2371| = 0.1185   (null is 1% of the effect [零的方案: within-behaviour identity-label permutation])
   PASS  the whole site x arm x adjustment grid                                                   method=bh q=0.05 · **cells tested 30 · cells surviving 30** · 存活 ['0', '1', '2', '3', '4', '5', '6', '7', '8', '9', '10', '11', '12', '13', '14', '15', '16', '17', '18', '19', '20', '21', '22', '23', '24', '25', '26', '27', '28', '29'] · 未存活 []   (control)
   PASS  the identity CODING was anchored on behaviour, not guessed from labels that do not ship  LGB codes per arm {'2011-2013 female|orient': [2, 3], '2017-2019 female|orient_a': [2, 3], '2017-2019 female|orient_b': [1, 3], '2017-2019 male|orient_a': [2, 3], '2017-2019 male|orient_b': [1, 3]}   (asserted in code, not in prose)
   PASS  every published cell states its n                                                        15/15 格带 n   (每一格都声明了自己的人群规模)
   PASS  the randomised wording DID change who counts as LGB (else the gauge test is vacuous)     LGB rates {'2017-2019 female': (0.1341, 0.1238), '2017-2019 male': (0.0493, 0.0591)}   (asserted in code, not in prose)
   PASS  KILL: W_WORDING requires the randomised A/B contrast to exceed its own permutation null  max |id_net(A) - id_net(B)| +0.0669 vs null -0.0082 +/- 0.0447 (kind of null: randomised-arm label permutation)   ⚠ 判据的尺未命名(`#836`①)  ⚠ 判据的总体未命名(`#854`①:尺对了、总体错了一样给反判词)  ⚠ 判据的方向未命名(`#859`①;单侧判据可不填)   (asserted in code, not in prose)
   => ALL GATES PASS
  gate three-valued : ALL GATES PASS
  VERDICT           : CONFIRMED · world W_STABLE · replicates, and survives a randomised re-wording

  artifact -> /home/ivan/research.psychology.eroticization-operator.operate.md.private.editable/E03_what_an_instrument_would_have_to_be/A112_is_sexual_morality_a_distinct_object_at_the_person_level/R359_identity_under_a_randomised_wording/results/identity_under_randomised_wording.json
