n=30748 · years 1988-2024 · bands {'30-44': np.int64(9346), '60+': np.int64(8490), '45-59': np.int64(7404), '18-29': np.int64(5508)}

  per decade, on a 4-point scale (higher = more permissive)
     18-29  raw +0.4748   cohort-demeaned +0.1526
     30-44  raw +0.4302   cohort-demeaned +0.1852
     45-59  raw +0.3628   cohort-demeaned +0.2151
       60+  raw +0.4262   cohort-demeaned +0.1635
    spread max-min: raw 0.1120 · cohort-demeaned 0.0625
  bootstrap spread OF that spread: 0.0198
  null (year permuted WITHIN band — bands, marginals and n untouched; kind of null: within-band year-label permutation): +0.0275 +/- 0.0118
  positive sweep (a differential trend planted into the YOUNGEST band, inside the permuted world so g=0 IS the null): [(0.0, 0.0272), (0.15, 0.0915), (0.3, 0.1794), (0.45, 0.2575), (0.6, 0.3441)]
  ⚠ plant-baseline check: g=0 at +0.0272 vs null +0.0275 +/- 0.0118 = 0.02 spreads

  specification curve — all four cells, none dropped
    raw · all ballots                  n= 30748  18-29 +0.475  30-44 +0.430  45-59 +0.363  60+ +0.426   spread 0.1120
    raw · ballot 1 only                n= 15355  18-29 +0.505  30-44 +0.426  45-59 +0.356  60+ +0.424   spread 0.1493
    cohort-demeaned · all ballots      n= 30748  18-29 +0.153  30-44 +0.185  45-59 +0.215  60+ +0.163   spread 0.0625
    cohort-demeaned · ballot 1 only    n= 15355  18-29 +0.173  30-44 +0.186  45-59 +0.214  60+ +0.156   spread 0.0584
  CONDITIONAL KILL -- When in a life does a mind change — or does the era carry every age at once?
   PASS  positive: a trend planted into the youngest band widens the spread, and g=0 sits ON the null this round judges against (`#922`)                                                                                                                                                                                                                                                                                                    方向由数据给出:**上升**;灵敏度 g=0.15;g=0 +0.0272 · g=0.6 +0.3441   (扫描自证:单调 + g=0 落基线 + 灵敏度达到)
   PASS  year permuted within age band                                                                                                                                                                                                                                                                                                                                                                                                      |+0.0275| < 0.5*|+0.1120| = 0.0560   (null is 25% of the effect [零的方案: within-band year-label permutation])
   PASS  the four band slopes — the family this claim lives in (`#936`②)                                                                                                                                                                                                                                                                                                                                                                    method=bh q=0.05 · **cells tested 4 · cells surviving 4** · 存活 ['18-29', '30-44', '45-59', '60+'] · 未存活 []   (control)
   PASS  ⚠ the identification wall is registered, not worked around: age = year - cohort exactly, so NO age effect is estimated here                                                                                                                                                                                                                                                                                                        what is reported is the period slope computed WITHIN each age band, and the cohort composition of those bands is the confound, controlled in the next row · 总体:30,748 GSS respondents 1988-2024 with age, cohort and homosex   (asserted in code, not in prose)
   PASS  ⚠ CONFOUND CONTROL in the same iteration: cohort-demeaned slopes remove every between-cohort level difference                                                                                                                                                                                                                                                                                                                      spread raw 0.1120 -> cohort-demeaned 0.0625 (0.56x); W_UNIDENT is declared below 0.50x · 总体:30,748 GSS respondents 1988-2024 with age, cohort and homosex   (asserted in code, not in prose)
   PASS  the whole specification grid is published, disagreeing cells included                                                                                                                                                                                                                                                                                                                                                              raw · all ballots spread 0.1120 · raw · ballot 1 only spread 0.1493 · cohort-demeaned · all ballots spread 0.0625 · cohort-demeaned · ballot 1 only spread 0.0584 · 总体:30,748 GSS respondents 1988-2024 with age, cohort and homosex   (asserted in code, not in prose)
   FAIL  KILL: pre-registered CONDITIONAL — evaluated ONLY if the positive fires and the negative is null. STAKED: W_PLASTIC, i.e. the 18-29 band is steepest AND the spread exceeds 2x its own bootstrap spread. W_ERA and W_LATE both REFUTE it; and a cohort-demeaned spread below 0.50x the raw ⇒ W_UNIDENT; AND the steepest band must be the SAME under both specifications, because that ordering is where the claim actually lives  positive fires True · observed clears the null's 95th pct (0.0497) True · ORDERING raw ['18-29'] vs cohort-demeaned ['45-59'] -> REVERSES · spread 0.1120 vs 2x bootstrap 0.0396 -> differ · demeaned/raw 0.56x -> ratio ok · ordering ['18-29', '30-44', '60+', '45-59'] ⇒ W_UNIDENT   尺:max-min of the four band slopes, per decade,其自身噪声 0.0198 · 总体:30,748 GSS respondents 1988-2024 with age, cohort and homosex · 方向:一致 · 控制总体:3/3 条已命名,**与判据同一总体**(⚠ 比对只发生在此刻,之后声明的控制行不会被比到)   (asserted in code, not in prose)
   => OVERTURNED -- controls sound, and the pre-registered threshold fired AGAINST the expectation (KILL: pre-registered CONDITIONAL — evaluated ONLY if the positive fires and the negative is null. STAKED: W_PLASTIC, i.e. the 18-29 band is steepest AND the spread exceeds 2x its own bootstrap spread. W_ERA and W_LATE both REFUTE it; and a cohort-demeaned spread below 0.50x the raw ⇒ W_UNIDENT; AND the steepest band must be the SAME under both specifications, because that ordering is where the claim actually lives). This is a refutation, NOT an unverified round (#366e).

VERDICT           : OVERTURNED · world W_UNIDENT · staked W_PLASTIC FAILED

wrote /home/ivan/research.psychology.eroticization-operator.operate.md.private.editable/E03_what_an_instrument_would_have_to_be/A121_when_in_a_life_does_a_mind_change/R377_the_same_decade_lived_at_different_ages/results/the_same_decade_lived_at_different_ages.json
