10:10:55 neg 1/20 identical=True coverage_atlas.py
10:10:57 neg 2/20 identical=True prevalence_and_direction.py
10:10:57 neg 3/20 identical=True forge_a_commit.py
10:10:58 neg 4/20 identical=True who_is_at_risk_of_truncation.py
10:11:01 neg 5/20 identical=True is_breadth_content.py
10:11:06 neg 6/20 identical=True share_or_topic.py
10:11:07 neg 7/20 identical=True false_coverage_audit.py
10:11:24 neg 8/20 identical=True rerun_oldest_claim.py
10:11:26 neg 9/20 identical=True forced_choice_vs_induction.py
10:11:51 neg 10/20 identical=True memory_or_present_narrative.py
10:12:00 neg 11/20 identical=True dose_response_for_the_person_signal.py
10:12:08 neg 12/20 identical=True person_level.py
10:12:11 neg 13/20 identical=True most_divergent_options.py
10:12:17 neg 14/20 identical=True within_person_slope.py
10:13:12 neg 15/20 identical=True sccs_exact_null.py
10:13:20 neg 16/20 identical=False bootstrap_noise_floor.py
10:13:30 neg 17/20 identical=True which_interests_move.py
10:13:34 neg 18/20 identical=True cross_domain.py
10:13:37 neg 19/20 identical=True relationality_predicts_onset.py
10:13:37 neg 20/20 identical=True recount_with_fixed_units.py
10:17:38 run 1/81 TIMEOUT        240.2s verdict=None E01_sexual_as_a_value_not_a_category/A01_what_this_release_can_answer_at_all/R001_schema/accumulation_curve.py
10:17:39 run 2/81 OK               1.0s verdict=None E01_sexual_as_a_value_not_a_category/A01_what_this_release_can_answer_at_all/R001_schema/acquiescence_attack.py
10:17:40 run 3/81 OK               1.0s verdict=None E01_sexual_as_a_value_not_a_category/A01_what_this_release_can_answer_at_all/R001_schema/acquired_vs_liked.py
10:17:40 run 4/81 OK               0.6s verdict=None E01_sexual_as_a_value_not_a_category/A01_what_this_release_can_answer_at_all/R001_schema/additivity.py
10:17:50 run 5/81 OK              10.2s verdict=None E01_sexual_as_a_value_not_a_category/A01_what_this_release_can_answer_at_all/R001_schema/agent_patient_axis.py
10:21:51 run 6/81 TIMEOUT        240.2s verdict=None E01_sexual_as_a_value_not_a_category/A01_what_this_release_can_answer_at_all/R001_schema/are_blocks_interchangeable.py
10:22:03 run 7/81 OK              12.8s verdict=None E01_sexual_as_a_value_not_a_category/A01_what_this_release_can_answer_at_all/R001_schema/attack_each_coordinate.py
10:23:11 run 8/81 OK              67.7s verdict=None E01_sexual_as_a_value_not_a_category/A01_what_this_release_can_answer_at_all/R001_schema/attack_the_foundation.py
10:23:20 run 9/81 OK               8.6s verdict=None E01_sexual_as_a_value_not_a_category/A01_what_this_release_can_answer_at_all/R001_schema/binning_null.py
10:23:52 run 10/81 OK              32.7s verdict=None E01_sexual_as_a_value_not_a_category/A01_what_this_release_can_answer_at_all/R001_schema/blocks_or_total_sample.py
10:23:53 run 11/81 OK               1.0s verdict=None E01_sexual_as_a_value_not_a_category/A01_what_this_release_can_answer_at_all/R001_schema/breadth_has_no_shape.py
10:23:55 run 12/81 OK               1.4s verdict=None E01_sexual_as_a_value_not_a_category/A01_what_this_release_can_answer_at_all/R001_schema/breadth_or_attribution.py
10:23:56 run 13/81 OK               0.8s verdict=None E01_sexual_as_a_value_not_a_category/A01_what_this_release_can_answer_at_all/R001_schema/column_kinds.py
10:24:00 run 14/81 OK               4.8s verdict=None E01_sexual_as_a_value_not_a_category/A01_what_this_release_can_answer_at_all/R001_schema/coord_with_a_validated_measure.py
10:24:09 run 15/81 OK               8.4s verdict=None E01_sexual_as_a_value_not_a_category/A01_what_this_release_can_answer_at_all/R001_schema/correlate_scan.py
10:24:18 run 16/81 OK               9.2s verdict=None E01_sexual_as_a_value_not_a_category/A01_what_this_release_can_answer_at_all/R001_schema/coverage_confound.py
10:24:37 run 17/81 OK              19.0s verdict=None E01_sexual_as_a_value_not_a_category/A01_what_this_release_can_answer_at_all/R001_schema/cv_cca_and_rarity.py
10:25:23 run 18/81 OK              45.7s verdict=None E01_sexual_as_a_value_not_a_category/A01_what_this_release_can_answer_at_all/R001_schema/deficit_reference_class.py
10:25:26 run 19/81 OK               3.6s verdict=None E01_sexual_as_a_value_not_a_category/A01_what_this_release_can_answer_at_all/R001_schema/different_framing_same_question.py
10:25:33 run 20/81 OK               7.0s verdict=None E01_sexual_as_a_value_not_a_category/A01_what_this_release_can_answer_at_all/R001_schema/dimensionality.py
10:25:36 run 21/81 OK               3.2s verdict=None E01_sexual_as_a_value_not_a_category/A01_what_this_release_can_answer_at_all/R001_schema/disattenuation.py
10:25:39 run 22/81 OK               2.6s verdict=None E01_sexual_as_a_value_not_a_category/A01_what_this_release_can_answer_at_all/R001_schema/do_factors_reach_excluded_blocks.py
10:27:42 run 23/81 OK             122.9s verdict=None E01_sexual_as_a_value_not_a_category/A01_what_this_release_can_answer_at_all/R001_schema/does_matching_correct_or_just_subsample.py
10:27:44 run 24/81 OK               1.6s verdict=None E01_sexual_as_a_value_not_a_category/A01_what_this_release_can_answer_at_all/R001_schema/does_power_reach_outside.py
10:27:45 run 25/81 OK               1.6s verdict=None E01_sexual_as_a_value_not_a_category/A01_what_this_release_can_answer_at_all/R001_schema/does_substance_reach_outside.py
10:28:11 run 26/81 OK              25.8s verdict=None E01_sexual_as_a_value_not_a_category/A01_what_this_release_can_answer_at_all/R001_schema/erotic_covariates.py
10:28:27 run 27/81 OK              15.6s verdict=None E01_sexual_as_a_value_not_a_category/A01_what_this_release_can_answer_at_all/R001_schema/escalating_match.py
10:28:29 run 28/81 OK               2.8s verdict=None E01_sexual_as_a_value_not_a_category/A01_what_this_release_can_answer_at_all/R001_schema/explode_multiselects.py
10:28:32 run 29/81 OK               2.2s verdict=None E01_sexual_as_a_value_not_a_category/A01_what_this_release_can_answer_at_all/R001_schema/gated_tree.py
10:28:35 run 30/81 OK               3.4s verdict=None E01_sexual_as_a_value_not_a_category/A01_what_this_release_can_answer_at_all/R001_schema/gcca.py
10:28:36 run 31/81 OK               1.0s verdict=None E01_sexual_as_a_value_not_a_category/A01_what_this_release_can_answer_at_all/R001_schema/induction_timing.py
10:28:37 run 32/81 OK               1.0s verdict=None E01_sexual_as_a_value_not_a_category/A01_what_this_release_can_answer_at_all/R001_schema/intensity_leakage.py
10:28:40 run 33/81 OK               2.6s verdict=None E01_sexual_as_a_value_not_a_category/A01_what_this_release_can_answer_at_all/R001_schema/item_margin_done_properly.py
10:29:16 run 34/81 OK              36.0s verdict=None E01_sexual_as_a_value_not_a_category/A01_what_this_release_can_answer_at_all/R001_schema/joint_factorisation.py
10:29:31 run 35/81 OK              15.0s verdict=None E01_sexual_as_a_value_not_a_category/A01_what_this_release_can_answer_at_all/R001_schema/leave_one_block_out.py
10:29:35 run 36/81 OK               4.4s verdict=None E01_sexual_as_a_value_not_a_category/A01_what_this_release_can_answer_at_all/R001_schema/manifold_mde.py
10:29:40 run 37/81 OK               5.0s verdict=None E01_sexual_as_a_value_not_a_category/A01_what_this_release_can_answer_at_all/R001_schema/matched_modality.py
10:29:41 run 38/81 OK               1.2s verdict=None E01_sexual_as_a_value_not_a_category/A01_what_this_release_can_answer_at_all/R001_schema/matching_removed_it.py
10:29:56 run 39/81 OK              15.0s verdict=None E01_sexual_as_a_value_not_a_category/A01_what_this_release_can_answer_at_all/R001_schema/modality_invariance.py
10:29:57 run 40/81 OK               1.0s verdict=None E01_sexual_as_a_value_not_a_category/A01_what_this_release_can_answer_at_all/R001_schema/named_axis_prediction.py
10:29:59 run 41/81 OK               2.0s verdict=None E01_sexual_as_a_value_not_a_category/A01_what_this_release_can_answer_at_all/R001_schema/nestedness.py
10:30:00 run 42/81 OK               1.0s verdict=None E01_sexual_as_a_value_not_a_category/A01_what_this_release_can_answer_at_all/R001_schema/non_sexual_variables.py
10:30:06 run 43/81 OK               5.4s verdict=None E01_sexual_as_a_value_not_a_category/A01_what_this_release_can_answer_at_all/R001_schema/off_manifold.py
10:30:09 run 44/81 OK               3.4s verdict=None E01_sexual_as_a_value_not_a_category/A01_what_this_release_can_answer_at_all/R001_schema/one_structure_or_two.py
10:30:10 run 45/81 OK               1.0s verdict=None E01_sexual_as_a_value_not_a_category/A01_what_this_release_can_answer_at_all/R001_schema/onset_beyond_preference.py
10:30:11 run 46/81 OK               0.8s verdict=None E01_sexual_as_a_value_not_a_category/A01_what_this_release_can_answer_at_all/R001_schema/onset_census.py
10:30:12 run 47/81 OK               0.8s verdict=None E01_sexual_as_a_value_not_a_category/A01_what_this_release_can_answer_at_all/R001_schema/onset_rsa_framing_swap.py
10:30:12 run 48/81 OK               0.4s verdict=None E01_sexual_as_a_value_not_a_category/A01_what_this_release_can_answer_at_all/R001_schema/option_census.py
10:30:14 run 49/81 OK               1.6s verdict=None E01_sexual_as_a_value_not_a_category/A01_what_this_release_can_answer_at_all/R001_schema/out_of_sample_concentration.py
10:30:17 run 50/81 OK               3.4s verdict=None E01_sexual_as_a_value_not_a_category/A01_what_this_release_can_answer_at_all/R001_schema/pc1_transfer.py
10:30:18 run 51/81 OK               1.0s verdict=None E01_sexual_as_a_value_not_a_category/A01_what_this_release_can_answer_at_all/R001_schema/placebo_contrast.py
10:30:19 run 52/81 OK               1.0s verdict=None E01_sexual_as_a_value_not_a_category/A01_what_this_release_can_answer_at_all/R001_schema/reliability_ceilings.py
10:34:19 run 53/81 TIMEOUT        240.1s verdict=None E01_sexual_as_a_value_not_a_category/A01_what_this_release_can_answer_at_all/R001_schema/residual_spectrum.py
10:34:20 run 54/81 OK               0.8s verdict=None E01_sexual_as_a_value_not_a_category/A01_what_this_release_can_answer_at_all/R001_schema/role_variance.py
10:34:21 run 55/81 OK               0.8s verdict=None E01_sexual_as_a_value_not_a_category/A01_what_this_release_can_answer_at_all/R001_schema/schema.py
10:34:24 run 56/81 OK               3.2s verdict=None E01_sexual_as_a_value_not_a_category/A01_what_this_release_can_answer_at_all/R001_schema/shared_schedule.py
10:34:27 run 57/81 OK               2.4s verdict=None E01_sexual_as_a_value_not_a_category/A01_what_this_release_can_answer_at_all/R001_schema/single_interest_power.py
10:34:28 run 58/81 OK               1.0s verdict=None E01_sexual_as_a_value_not_a_category/A01_what_this_release_can_answer_at_all/R001_schema/source_or_orientation.py
10:34:29 run 59/81 OK               1.0s verdict=None E01_sexual_as_a_value_not_a_category/A01_what_this_release_can_answer_at_all/R001_schema/specification_grid.py
10:34:32 run 60/81 OK               3.8s verdict=None E01_sexual_as_a_value_not_a_category/A01_what_this_release_can_answer_at_all/R001_schema/svd_naming_failed.py
10:37:23 run 61/81 OK             171.1s verdict=None E01_sexual_as_a_value_not_a_category/A01_what_this_release_can_answer_at_all/R001_schema/synthetic_rival_world.py
10:37:27 run 62/81 OK               3.6s verdict=None E01_sexual_as_a_value_not_a_category/A01_what_this_release_can_answer_at_all/R001_schema/the_item_margin.py
10:37:28 run 63/81 OK               1.2s verdict=None E01_sexual_as_a_value_not_a_category/A01_what_this_release_can_answer_at_all/R001_schema/the_unit_is_the_category.py
10:37:42 run 64/81 OK              14.2s verdict=None E01_sexual_as_a_value_not_a_category/A01_what_this_release_can_answer_at_all/R001_schema/theta_or_coordinates.py
10:37:44 run 65/81 OK               1.2s verdict=None E01_sexual_as_a_value_not_a_category/A01_what_this_release_can_answer_at_all/R001_schema/three_role_axes.py
10:37:46 run 66/81 OK               2.0s verdict=None E01_sexual_as_a_value_not_a_category/A01_what_this_release_can_answer_at_all/R001_schema/timing_mde.py
10:37:48 run 67/81 OK               2.0s verdict=None E01_sexual_as_a_value_not_a_category/A01_what_this_release_can_answer_at_all/R001_schema/unit_vs_tempo.py
10:37:49 run 68/81 OK               1.0s verdict=None E01_sexual_as_a_value_not_a_category/A01_what_this_release_can_answer_at_all/R001_schema/which_pairs_transfer.py
10:37:49 run 69/81 MISSING-INPUT    0.4s verdict=None E01_sexual_as_a_value_not_a_category/A01_what_this_release_can_answer_at_all/R001_schema/whitened_discriminant.py
10:37:50 run 70/81 OK               0.8s verdict=None E01_sexual_as_a_value_not_a_category/A01_what_this_release_can_answer_at_all/R001_schema/why_the_null_tied.py
10:38:55 run 71/81 OK              65.5s verdict=None E01_sexual_as_a_value_not_a_category/A01_what_this_release_can_answer_at_all/R001_schema/within_block_vs_cross_domain.py
10:39:04 run 72/81 OK               8.2s verdict=None E01_sexual_as_a_value_not_a_category/A02_whether_any_of_it_is_reportable/R002_explorer_analysis_corpus/graded_positive_control.py
10:39:04 run 73/81 MISSING-INPUT    0.6s verdict=None E01_sexual_as_a_value_not_a_category/A02_whether_any_of_it_is_reportable/R002_explorer_analysis_corpus/is_the_coverage_law_one_point.py
10:39:12 run 74/81 OTHER            7.8s verdict=None E01_sexual_as_a_value_not_a_category/A02_whether_any_of_it_is_reportable/R002_explorer_analysis_corpus/item_person_interaction.py
10:39:30 run 75/81 OK              17.8s verdict=None E01_sexual_as_a_value_not_a_category/A02_whether_any_of_it_is_reportable/R002_explorer_analysis_corpus/published_estimand_seed_spread.py
10:42:33 run 76/81 OK             183.4s verdict=None E01_sexual_as_a_value_not_a_category/A02_whether_any_of_it_is_reportable/R002_explorer_analysis_corpus/reconcile_max_vs_mean.py
10:43:13 run 77/81 OK              39.4s verdict=None E01_sexual_as_a_value_not_a_category/A02_whether_any_of_it_is_reportable/R002_explorer_analysis_corpus/seed_spread_every_headline.py
10:47:13 run 78/81 TIMEOUT        240.1s verdict=None E01_sexual_as_a_value_not_a_category/A02_whether_any_of_it_is_reportable/R002_explorer_analysis_corpus/sweep_K_on_every_deficit.py
10:48:45 run 79/81 OK              92.5s verdict=None E01_sexual_as_a_value_not_a_category/A02_whether_any_of_it_is_reportable/R002_explorer_analysis_corpus/triple_matched_resolvability.py
10:48:47 run 80/81 OK               2.0s verdict=ALL GATES PASS E01_sexual_as_a_value_not_a_category/A03_is_there_a_rarity_position_dimension/R003_derivation_or_measurement/reprice_the_three_axes.py
10:48:47 run 81/81 OK               0.2s verdict=None E03_what_an_instrument_would_have_to_be/A101_what_can_still_be_rederived/R314_the_sweep_rebuilt_so_it_can_finish/why_the_import_errors.py
