n=30748 · waves 1988-2024 · chance level for one of four bands = 0.25, and that is what the shares are compared against
  point estimate, cohort-demeaned per decade: 18-29 +0.1526 · 30-44 +0.1852 · 45-59 +0.2151 · 60+ +0.1635
  ordering (flattest -> steepest): ['18-29', '60+', '30-44', '45-59']

  over 400 bootstraps of respondents:
    (a) `18-29` is the FLATTEST : 0.752   (chance 0.25)
    (b) `45-59` is the STEEPEST: 0.970   (chance 0.25)
    (c) the FULL ordering repeats     : 0.708   (chance 0.042)

  ⛔ IMPOSSIBILITY CHECK, run before the null is believed: after permuting `year` within cohort, **88.4% of respondents have `year - cohort` inconsistent with the `age` their band was cut from**. The permuted world is not a world.
  null (year permuted within cohort; kind of null: within-cohort year-label permutation): (a) 0.000 · (b) 0.000 · (c) 0.000 — must fall to ~0.25/0.25/0.042
  positive sweep (a trend planted into `18-29` inside the permuted world; the share of resamples where it is STEEPEST must rise from chance): [(0.0, 0.0), (0.3, 0.0), (0.6, 0.0), (0.9, 0.0)]
  ⚠ plant-baseline check: g=0 at 0.000 vs chance 0.25 = 5.00 × a 0.05 band
  CONDITIONAL KILL -- Was `#939`'s refusal a fact about the world, or a statistic I never computed?
   FAIL  positive: a trend planted into `18-29` raises its steepest-share from chance, and g=0 sits ON the null (`#922`)                                                                                                                                                                                                                          方向由数据给出:**平/非单调**;灵敏度 g=未达到;g=0 +0.0000 · g=0.9 +0.0000   (g=0 未落在基线上(+0.0000 vs +0.2500) · 扫描全程未越过 0.1250 —— **灵敏度未证明**)
   PASS  ⛔ THE NEGATIVE CONTROL IS STRUCTURALLY UNAVAILABLE, AND IT IS DEMONSTRATED RATHER THAN ASSERTED: permuting `year` within cohort breaks the identity `age = year - cohort`                                                                                                                                                                88.4% of permuted respondents carry a year inconsistent with the age their band was cut from; the resulting shares are 0.000/0.000/0.000 — a systematically REVERSED ordering, not the 0.25 chance level, because the permuted world is not a world. Permuting any ONE of year/age/cohort breaks the identity, and re-cutting bands from the permuted year makes the statistic mean something different between arms · 总体:GSS 1988-2024, n=30748   (asserted in code, not in prose)
   PASS  the three rank shares (a) (b) (c) — the family this claim lives in (`#936`②/`#940`②)                                                                                                                                                                                                                                                     method=bh q=0.05 · **cells tested 3 · cells surviving 3** · 存活 ['flattest', 'steepest', 'full order'] · 未存活 []   (control)
   PASS  ⚠ CHANCE IS NOT ZERO and is named: with four bands a specific one is smallest 25% of the time, and the full ordering repeats 1/24 = 4.2% of the time                                                                                                                                                                                     comparisons are against 0.25 / 0.25 / 0.042, never against 0 · 总体:GSS 1988-2024, n=30748   (asserted in code, not in prose)
   PASS  ⚠ this round orders BAND-SPECIFIC PERIOD SLOPES and never claims an age effect — `#939`'s identification wall is inherited unchanged                                                                                                                                                                                                     age = year - cohort exactly; cohort-demeaning removes between-cohort LEVELS, not the collinearity · 总体:GSS 1988-2024, n=30748   (asserted in code, not in prose)
   FAIL  KILL: pre-registered CONDITIONAL — evaluated ONLY if the positive fires and the null shares fall back to chance. STAKED: W_RANK_STABLE, i.e. BOTH the flattest-band share and the steepest-band share reach 0.90. W_RANK_NOISE and W_TIE both refute it, and W_RANK_STABLE is the UNWELCOME branch because it retracts `#939`'s refusal  positive fires False · null back to chance False (a 0.000 b 0.000 — ⛔ the null is not a world, see the control row) · (a) 0.752 · (b) 0.970 · (c) 0.708 vs chance 0.25/0.25/0.042 ⇒ W_NO_NULL   尺:share of bootstraps preserving the extreme ranks,其自身噪声 0.0216506 · 总体:GSS 1988-2024, n=30748, 400 resamples · 方向:一致 · 控制总体:3/3 条已命名,**3 条与判据不同** ['⛔ THE NEGATIVE CONTROL IS ST', '⚠ CHANCE IS NOT ZERO and is ', '⚠ this round orders BAND-SPE']  ⚠ **控制的总体 ≠ 主张的总体** —— **它证明的是另一群人身上的仪器**(`#866`①)(⚠ 比对只发生在此刻,之后声明的控制行不会被比到)   (asserted in code, not in prose)
   => OVERTURNED -- controls sound, and the pre-registered threshold fired AGAINST the expectation (positive: a trend planted into `18-29` raises its steepest-share from chance, and g=0 sits ON the null (`#922`), KILL: pre-registered CONDITIONAL — evaluated ONLY if the positive fires and the null shares fall back to chance. STAKED: W_RANK_STABLE, i.e. BOTH the flattest-band share and the steepest-band share reach 0.90. W_RANK_NOISE and W_TIE both refute it, and W_RANK_STABLE is the UNWELCOME branch because it retracts `#939`'s refusal). This is a refutation, NOT an unverified round (#366e).

VERDICT           : UNVERIFIED · world W_NO_NULL

wrote /home/ivan/research.psychology.eroticization-operator.operate.md.private.editable/E03_what_an_instrument_would_have_to_be/A121_when_in_a_life_does_a_mind_change/R381_bootstrap_the_ordering_not_the_gap/results/bootstrap_the_ordering_not_the_gap.json
