10:58:33 neg 1/20 identical=True pool_dependence.py
10:58:48 neg 2/20 identical=True mde_curve.py
11:06:48 neg 3/20 identical=True block_inclusion_sweep.py
11:06:57 neg 4/20 identical=True facets_inside_sex.py
11:13:35 neg 5/20 identical=True backtest_the_rule.py
11:13:42 neg 6/20 identical=True is_it_religion.py
11:13:45 neg 7/20 identical=True rewrite_vs_delete.py
11:13:48 neg 8/20 identical=True the_contrast_on_a_disjoint_instrument.py
11:13:54 neg 9/20 identical=True total_variation.py
11:14:06 neg 10/20 identical=True bottom_clump_or_blind_spot.py
11:14:08 neg 11/20 identical=True null_for_639.py
11:14:10 neg 12/20 identical=True where_is_the_gap.py
11:14:26 neg 13/20 identical=True rerun_oldest_claim.py
11:14:39 neg 14/20 identical=True two_corrections.py
11:14:40 neg 15/20 identical=True build_and_test_rule.py
11:14:48 neg 16/20 identical=True out_of_sample_point_with_sex.py
11:15:23 neg 17/20 identical=True gss_gap_over_51_years.py
11:15:31 neg 18/20 identical=True person_level.py
11:15:40 neg 19/20 identical=True age_period.py
11:15:41 neg 20/20 identical=True identity_drift_subrule.py
11:19:53 run 1/79 OK             230.5s verdict=None E01_sexual_as_a_value_not_a_category/A01_what_this_release_can_answer_at_all/R001_schema/accumulation_curve.py
11:19:54 run 2/79 OK               1.0s verdict=None E01_sexual_as_a_value_not_a_category/A01_what_this_release_can_answer_at_all/R001_schema/acquiescence_attack.py
11:19:55 run 3/79 OK               1.0s verdict=None E01_sexual_as_a_value_not_a_category/A01_what_this_release_can_answer_at_all/R001_schema/acquired_vs_liked.py
11:19:56 run 4/79 OK               0.6s verdict=None E01_sexual_as_a_value_not_a_category/A01_what_this_release_can_answer_at_all/R001_schema/additivity.py
11:20:06 run 5/79 OK              10.6s verdict=None E01_sexual_as_a_value_not_a_category/A01_what_this_release_can_answer_at_all/R001_schema/agent_patient_axis.py
11:24:07 run 6/79 TIMEOUT        240.2s verdict=None E01_sexual_as_a_value_not_a_category/A01_what_this_release_can_answer_at_all/R001_schema/are_blocks_interchangeable.py
11:24:09 run 7/79 OK               2.8s verdict=None E01_sexual_as_a_value_not_a_category/A01_what_this_release_can_answer_at_all/R001_schema/attack_each_coordinate.py
11:25:35 run 8/79 OK              85.7s verdict=None E01_sexual_as_a_value_not_a_category/A01_what_this_release_can_answer_at_all/R001_schema/attack_the_foundation.py
11:25:44 run 9/79 OK               8.6s verdict=None E01_sexual_as_a_value_not_a_category/A01_what_this_release_can_answer_at_all/R001_schema/binning_null.py
11:26:16 run 10/79 OK              32.2s verdict=None E01_sexual_as_a_value_not_a_category/A01_what_this_release_can_answer_at_all/R001_schema/blocks_or_total_sample.py
11:26:17 run 11/79 OK               1.2s verdict=None E01_sexual_as_a_value_not_a_category/A01_what_this_release_can_answer_at_all/R001_schema/breadth_has_no_shape.py
11:26:18 run 12/79 OK               1.2s verdict=None E01_sexual_as_a_value_not_a_category/A01_what_this_release_can_answer_at_all/R001_schema/breadth_or_attribution.py
11:26:19 run 13/79 OK               0.8s verdict=None E01_sexual_as_a_value_not_a_category/A01_what_this_release_can_answer_at_all/R001_schema/column_kinds.py
11:26:21 run 14/79 OK               2.4s verdict=None E01_sexual_as_a_value_not_a_category/A01_what_this_release_can_answer_at_all/R001_schema/coord_with_a_validated_measure.py
11:26:30 run 15/79 OK               8.4s verdict=None E01_sexual_as_a_value_not_a_category/A01_what_this_release_can_answer_at_all/R001_schema/correlate_scan.py
11:26:38 run 16/79 OK               8.2s verdict=None E01_sexual_as_a_value_not_a_category/A01_what_this_release_can_answer_at_all/R001_schema/coverage_confound.py
11:26:57 run 17/79 OK              19.0s verdict=None E01_sexual_as_a_value_not_a_category/A01_what_this_release_can_answer_at_all/R001_schema/cv_cca_and_rarity.py
11:27:34 run 18/79 OK              36.7s verdict=None E01_sexual_as_a_value_not_a_category/A01_what_this_release_can_answer_at_all/R001_schema/deficit_reference_class.py
11:27:37 run 19/79 OK               3.6s verdict=None E01_sexual_as_a_value_not_a_category/A01_what_this_release_can_answer_at_all/R001_schema/different_framing_same_question.py
11:27:44 run 20/79 OK               7.0s verdict=None E01_sexual_as_a_value_not_a_category/A01_what_this_release_can_answer_at_all/R001_schema/dimensionality.py
11:27:47 run 21/79 OK               3.0s verdict=None E01_sexual_as_a_value_not_a_category/A01_what_this_release_can_answer_at_all/R001_schema/disattenuation.py
11:27:50 run 22/79 OK               2.4s verdict=None E01_sexual_as_a_value_not_a_category/A01_what_this_release_can_answer_at_all/R001_schema/do_factors_reach_excluded_blocks.py
11:30:17 run 23/79 OK             147.4s verdict=None E01_sexual_as_a_value_not_a_category/A01_what_this_release_can_answer_at_all/R001_schema/does_matching_correct_or_just_subsample.py
11:30:19 run 24/79 OK               1.8s verdict=None E01_sexual_as_a_value_not_a_category/A01_what_this_release_can_answer_at_all/R001_schema/does_power_reach_outside.py
11:30:21 run 25/79 OK               1.6s verdict=None E01_sexual_as_a_value_not_a_category/A01_what_this_release_can_answer_at_all/R001_schema/does_substance_reach_outside.py
11:30:49 run 26/79 OK              28.8s verdict=None E01_sexual_as_a_value_not_a_category/A01_what_this_release_can_answer_at_all/R001_schema/erotic_covariates.py
11:31:04 run 27/79 OK              14.2s verdict=None E01_sexual_as_a_value_not_a_category/A01_what_this_release_can_answer_at_all/R001_schema/escalating_match.py
11:31:06 run 28/79 OK               2.8s verdict=None E01_sexual_as_a_value_not_a_category/A01_what_this_release_can_answer_at_all/R001_schema/explode_multiselects.py
11:31:09 run 29/79 OK               2.2s verdict=None E01_sexual_as_a_value_not_a_category/A01_what_this_release_can_answer_at_all/R001_schema/gated_tree.py
11:31:27 run 30/79 OK              18.0s verdict=None E01_sexual_as_a_value_not_a_category/A01_what_this_release_can_answer_at_all/R001_schema/gcca.py
11:31:28 run 31/79 OK               1.0s verdict=None E01_sexual_as_a_value_not_a_category/A01_what_this_release_can_answer_at_all/R001_schema/induction_timing.py
11:31:29 run 32/79 OK               1.0s verdict=None E01_sexual_as_a_value_not_a_category/A01_what_this_release_can_answer_at_all/R001_schema/intensity_leakage.py
11:31:31 run 33/79 OK               2.8s verdict=None E01_sexual_as_a_value_not_a_category/A01_what_this_release_can_answer_at_all/R001_schema/item_margin_done_properly.py
11:32:35 run 34/79 OK              63.5s verdict=None E01_sexual_as_a_value_not_a_category/A01_what_this_release_can_answer_at_all/R001_schema/joint_factorisation.py
11:32:57 run 35/79 OK              22.6s verdict=None E01_sexual_as_a_value_not_a_category/A01_what_this_release_can_answer_at_all/R001_schema/leave_one_block_out.py
11:33:02 run 36/79 OK               4.6s verdict=None E01_sexual_as_a_value_not_a_category/A01_what_this_release_can_answer_at_all/R001_schema/manifold_mde.py
11:33:07 run 37/79 OK               5.0s verdict=None E01_sexual_as_a_value_not_a_category/A01_what_this_release_can_answer_at_all/R001_schema/matched_modality.py
11:33:08 run 38/79 OK               1.2s verdict=None E01_sexual_as_a_value_not_a_category/A01_what_this_release_can_answer_at_all/R001_schema/matching_removed_it.py
11:34:40 run 39/79 OK              91.9s verdict=None E01_sexual_as_a_value_not_a_category/A01_what_this_release_can_answer_at_all/R001_schema/modality_invariance.py
11:34:41 run 40/79 OK               1.2s verdict=None E01_sexual_as_a_value_not_a_category/A01_what_this_release_can_answer_at_all/R001_schema/named_axis_prediction.py
11:34:43 run 41/79 OK               2.0s verdict=None E01_sexual_as_a_value_not_a_category/A01_what_this_release_can_answer_at_all/R001_schema/nestedness.py
11:34:44 run 42/79 OK               1.0s verdict=None E01_sexual_as_a_value_not_a_category/A01_what_this_release_can_answer_at_all/R001_schema/non_sexual_variables.py
11:34:56 run 43/79 OK              12.0s verdict=None E01_sexual_as_a_value_not_a_category/A01_what_this_release_can_answer_at_all/R001_schema/off_manifold.py
11:35:00 run 44/79 OK               3.4s verdict=None E01_sexual_as_a_value_not_a_category/A01_what_this_release_can_answer_at_all/R001_schema/one_structure_or_two.py
11:35:01 run 45/79 OK               1.0s verdict=None E01_sexual_as_a_value_not_a_category/A01_what_this_release_can_answer_at_all/R001_schema/onset_beyond_preference.py
11:35:02 run 46/79 OK               0.8s verdict=None E01_sexual_as_a_value_not_a_category/A01_what_this_release_can_answer_at_all/R001_schema/onset_census.py
11:35:02 run 47/79 OK               0.8s verdict=None E01_sexual_as_a_value_not_a_category/A01_what_this_release_can_answer_at_all/R001_schema/onset_rsa_framing_swap.py
11:35:03 run 48/79 OK               0.4s verdict=None E01_sexual_as_a_value_not_a_category/A01_what_this_release_can_answer_at_all/R001_schema/option_census.py
11:35:04 run 49/79 OK               1.6s verdict=None E01_sexual_as_a_value_not_a_category/A01_what_this_release_can_answer_at_all/R001_schema/out_of_sample_concentration.py
11:35:08 run 50/79 OK               3.4s verdict=None E01_sexual_as_a_value_not_a_category/A01_what_this_release_can_answer_at_all/R001_schema/pc1_transfer.py
11:35:09 run 51/79 OK               1.0s verdict=None E01_sexual_as_a_value_not_a_category/A01_what_this_release_can_answer_at_all/R001_schema/placebo_contrast.py
11:35:10 run 52/79 OK               1.0s verdict=None E01_sexual_as_a_value_not_a_category/A01_what_this_release_can_answer_at_all/R001_schema/reliability_ceilings.py
11:39:10 run 53/79 TIMEOUT        240.1s verdict=None E01_sexual_as_a_value_not_a_category/A01_what_this_release_can_answer_at_all/R001_schema/residual_spectrum.py
11:39:11 run 54/79 OK               0.8s verdict=None E01_sexual_as_a_value_not_a_category/A01_what_this_release_can_answer_at_all/R001_schema/role_variance.py
11:39:11 run 55/79 OK               0.8s verdict=None E01_sexual_as_a_value_not_a_category/A01_what_this_release_can_answer_at_all/R001_schema/schema.py
11:39:15 run 56/79 OK               3.2s verdict=None E01_sexual_as_a_value_not_a_category/A01_what_this_release_can_answer_at_all/R001_schema/shared_schedule.py
11:39:17 run 57/79 OK               2.4s verdict=None E01_sexual_as_a_value_not_a_category/A01_what_this_release_can_answer_at_all/R001_schema/single_interest_power.py
11:39:18 run 58/79 OK               1.0s verdict=None E01_sexual_as_a_value_not_a_category/A01_what_this_release_can_answer_at_all/R001_schema/source_or_orientation.py
11:39:19 run 59/79 OK               1.0s verdict=None E01_sexual_as_a_value_not_a_category/A01_what_this_release_can_answer_at_all/R001_schema/specification_grid.py
11:39:23 run 60/79 OK               3.8s verdict=None E01_sexual_as_a_value_not_a_category/A01_what_this_release_can_answer_at_all/R001_schema/svd_naming_failed.py
11:42:15 run 61/79 OK             171.7s verdict=None E01_sexual_as_a_value_not_a_category/A01_what_this_release_can_answer_at_all/R001_schema/synthetic_rival_world.py
11:42:18 run 62/79 OK               3.4s verdict=None E01_sexual_as_a_value_not_a_category/A01_what_this_release_can_answer_at_all/R001_schema/the_item_margin.py
11:42:19 run 63/79 OK               1.2s verdict=None E01_sexual_as_a_value_not_a_category/A01_what_this_release_can_answer_at_all/R001_schema/the_unit_is_the_category.py
11:42:33 run 64/79 OK              14.2s verdict=None E01_sexual_as_a_value_not_a_category/A01_what_this_release_can_answer_at_all/R001_schema/theta_or_coordinates.py
11:42:35 run 65/79 OK               1.2s verdict=None E01_sexual_as_a_value_not_a_category/A01_what_this_release_can_answer_at_all/R001_schema/three_role_axes.py
11:42:37 run 66/79 OK               2.0s verdict=None E01_sexual_as_a_value_not_a_category/A01_what_this_release_can_answer_at_all/R001_schema/timing_mde.py
11:42:39 run 67/79 OK               2.0s verdict=None E01_sexual_as_a_value_not_a_category/A01_what_this_release_can_answer_at_all/R001_schema/unit_vs_tempo.py
11:42:40 run 68/79 OK               1.0s verdict=None E01_sexual_as_a_value_not_a_category/A01_what_this_release_can_answer_at_all/R001_schema/which_pairs_transfer.py
11:42:40 run 69/79 MISSING-INPUT    0.6s verdict=None E01_sexual_as_a_value_not_a_category/A01_what_this_release_can_answer_at_all/R001_schema/whitened_discriminant.py
11:42:41 run 70/79 OK               0.8s verdict=None E01_sexual_as_a_value_not_a_category/A01_what_this_release_can_answer_at_all/R001_schema/why_the_null_tied.py
11:46:18 run 71/79 OK             217.1s verdict=None E01_sexual_as_a_value_not_a_category/A01_what_this_release_can_answer_at_all/R001_schema/within_block_vs_cross_domain.py
11:46:26 run 72/79 OK               8.2s verdict=None E01_sexual_as_a_value_not_a_category/A02_whether_any_of_it_is_reportable/R002_explorer_analysis_corpus/graded_positive_control.py
11:46:35 run 73/79 OTHER            8.2s verdict=None E01_sexual_as_a_value_not_a_category/A02_whether_any_of_it_is_reportable/R002_explorer_analysis_corpus/item_person_interaction.py
11:46:55 run 74/79 OK              20.8s verdict=None E01_sexual_as_a_value_not_a_category/A02_whether_any_of_it_is_reportable/R002_explorer_analysis_corpus/published_estimand_seed_spread.py
11:50:55 run 75/79 TIMEOUT        240.1s verdict=None E01_sexual_as_a_value_not_a_category/A02_whether_any_of_it_is_reportable/R002_explorer_analysis_corpus/reconcile_max_vs_mean.py
11:52:03 run 76/79 OK              67.8s verdict=None E01_sexual_as_a_value_not_a_category/A02_whether_any_of_it_is_reportable/R002_explorer_analysis_corpus/seed_spread_every_headline.py
11:56:03 run 77/79 TIMEOUT        240.1s verdict=None E01_sexual_as_a_value_not_a_category/A02_whether_any_of_it_is_reportable/R002_explorer_analysis_corpus/sweep_K_on_every_deficit.py
11:59:59 run 78/79 OK             235.9s verdict=None E01_sexual_as_a_value_not_a_category/A02_whether_any_of_it_is_reportable/R002_explorer_analysis_corpus/triple_matched_resolvability.py
12:00:01 run 79/79 OK               2.0s verdict=ALL GATES PASS E01_sexual_as_a_value_not_a_category/A03_is_there_a_rarity_position_dimension/R003_derivation_or_measurement/reprice_the_three_axes.py
