HARD RULE 1 — all 15 items jointly: n=22420 · 19 waves 1988-2021 · per-wave n 736-1767 (median 1143) ⇒ a per-wave r has sampling sd ~0.0296

  `homo x rac` — the pair `#945` found most negative, now dated
  stem   dep 1988  dep 2021  trend dep  trend obs  trend null
  spk     -0.1952   -0.1407    -0.0076    -0.0393     -0.0317
  col     -0.1898   -0.0854    +0.0101    -0.0183     -0.0284
  lib     -0.1421   -0.1472    -0.0176    -0.0572     -0.0397
  bootstrap of the `spk` departure trend: -0.0092 +/- 0.0064
  bootstrap of the `col` departure trend: +0.0080 +/- 0.0074
  bootstrap of the `lib` departure trend: -0.0185 +/- 0.0075

  null's OWN trend across all 30 cells (kind of null: within-person target-label permutation, recomputed INSIDE each wave): mean |trend| 0.03230 · max 0.04226 — must be flat, or the null is drifting and nothing here is admissible
  positive sweep (a GROWING trade-off planted into the permuted world, g=0 IS the null): [(0.0, -0.0049), (0.3, -0.0516), (0.6, -0.1018), (0.9, -0.1482)]
  ⚠ plant-baseline check: g=0 trend -0.0049 vs the null's own trend -0.0317 +/- 0.0064 = 0.76 spreads
  ⚠ REPAIRED negative control — in a synthetic world with the association destroyed but the marginals drifting as observed, the DEPARTURE trend is 0.00399 (mean |.| over 3 stems) vs the observed departure trend 0.01178
  CONDITIONAL KILL -- Did the exchange rate move, or have I been narrating a coincidence?
   PASS  positive: a GROWING planted trade-off drives the departure trend down, and g=0 sits ON the null (`#922`)                                                                                                                                                                                                                                                                                            方向由数据给出:**上升**;灵敏度 g=0.3;g=0 +0.0049 · g=0.9 +0.1482   (扫描自证:单调 + g=0 落基线 + 灵敏度达到)
   PASS  association destroyed, marginals left drifting: the DEPARTURE trend must vanish even though the NULL's own trend does not (and it does not — that drift is what the departure subtracts)                                                                                                                                                                                                            |+0.0040| < 0.5*|+0.0118| = 0.0059   (null is 34% of the effect [零的方案: within-person target-label permutation as the OBSERVED arm, scored against a second independent per-wave permutation null])
   PASS  all 30 pair x stem departure trends — NOT the one pair I care about (`#936`②/`#940`②: picking the headline as its own family is how this recurs)                                                                                                                                                                                                                                                    method=bh q=0.05 · **cells tested 30 · cells surviving 9** · 存活 ['spk/homo-com', 'spk/homo-ath', 'spk/rac-com', 'spk/rac-ath', 'col/rac-ath', 'col/com-mil', 'col/com-ath', 'lib/homo-ath', 'lib/rac-com'] · 未存活 ['spk/homo-rac', 'spk/homo-mil', 'spk/rac-mil', 'spk/com-mil', 'spk/com-ath', 'spk/mil-ath', 'col/homo-rac', 'col/homo-com']…   (control)
   PASS  ⚠ the trend is of a DEPARTURE, never of a raw correlation, because the marginals move over time and the per-wave null absorbs exactly that (registered before the run)                                                                                                                                                                                                                              spk: dep trend -0.0076 vs raw-obs trend -0.0393 · col: dep trend +0.0101 vs raw-obs trend -0.0183 · lib: dep trend -0.0176 vs raw-obs trend -0.0572 · 总体:GSS all 15 items jointly, n=22420, 19 waves 1988-2021   (asserted in code, not in prose)
   PASS  ⚠ HARD RULE 1: per-wave n printed, and the resolution it implies stated                                                                                                                                                                                                                                                                                                                             per-wave n 736-1767 (median 1143) ⇒ a per-wave r carries sampling sd ~0.0296; the trend's own bootstrap spread is 0.0071 · 总体:GSS all 15 items jointly, n=22420, 19 waves 1988-2021   (asserted in code, not in prose)
   PASS  the whole 30-cell grid is the multiplicity family and is published                                                                                                                                                                                                                                                                                                                                  spk/homo-rac -0.008 · spk/homo-com -0.019 · spk/homo-mil +0.006 · spk/homo-ath +0.033 · spk/rac-com +0.039 · spk/rac-mil +0.015 · spk/rac-ath -0.019 · spk/com-mil +0.008 · spk/com-ath -0.006 · spk/mil-ath +0.003 · col/homo-rac +0.010 · col/homo-com +0.007 · …18 more in the artifact · 总体:GSS all 15 items jointly, n=22420, 19 waves 1988-2021   (asserted in code, not in prose)
   FAIL  KILL: pre-registered CONDITIONAL — evaluated ONLY if the positive fires and the null's own trend is flat. STAKED: W_MECHANISM, i.e. the `homo x rac` departure grows MORE negative past twice its own bootstrap spread in >=2 of 3 stems. ⚠ W_CONSTANT is the UNWELCOME branch — it would make the `#945`/`#942` pairing a narrative I have written twice — and W_WEAKENS would force a retraction  positive fires True · departure vanishes in the synthetic null world True (0.00399 vs half the observed 0.00589; ⚠ the NULL's OWN trend is 0.03230 and is SUPPOSED to be non-flat) · stems sharpening: 1/3 · weakening: 0/3 · resolved at all: 1/3 ⇒ W_MIXED   尺:trend per decade of the departure from the per-wave null,其自身噪声 0.00713791 · 总体:GSS all 15 items jointly, n=22420, 19 waves 1988-2021 · 方向:一致 · 控制总体:3/3 条已命名,**与判据同一总体**(⚠ 比对只发生在此刻,之后声明的控制行不会被比到)   (asserted in code, not in prose)
   => OVERTURNED -- controls sound, and the pre-registered threshold fired AGAINST the expectation (KILL: pre-registered CONDITIONAL — evaluated ONLY if the positive fires and the null's own trend is flat. STAKED: W_MECHANISM, i.e. the `homo x rac` departure grows MORE negative past twice its own bootstrap spread in >=2 of 3 stems. ⚠ W_CONSTANT is the UNWELCOME branch — it would make the `#945`/`#942` pairing a narrative I have written twice — and W_WEAKENS would force a retraction). This is a refutation, NOT an unverified round (#366e).

VERDICT           : OVERTURNED · world W_MIXED

wrote /home/ivan/research.psychology.eroticization-operator.operate.md.private.editable/E03_what_an_instrument_would_have_to_be/A125_is_zero_sum_a_within_person_fact/R384_did_the_exchange_rate_move/results/did_the_exchange_rate_move.json
